// Vitest Snapshot v1, https://vitest.dev/guide/snapshot.html

exports[`Grid (headless) > pins the wrapped SVG group output 1`] = `
"  <g id="layer-L1" opacity="0.80">
    <g transform="translate(405,295) rotate(15)">
    <line x1="-61.95" y1="-55.00" x2="-61.95" y2="55.00" stroke="#112233" stroke-width="0.8" stroke-linecap="butt"/>
    <line x1="-22.97" y1="-55.00" x2="-22.97" y2="55.00" stroke="#112233" stroke-width="0.8" stroke-linecap="butt"/>
    <line x1="1.91" y1="-55.00" x2="1.91" y2="55.00" stroke="#112233" stroke-width="0.8" stroke-linecap="butt"/>
    <line x1="22.01" y1="-55.00" x2="22.01" y2="55.00" stroke="#112233" stroke-width="0.8" stroke-linecap="butt"/>
    <line x1="60.09" y1="-55.00" x2="60.09" y2="55.00" stroke="#112233" stroke-width="0.8" stroke-linecap="butt"/>
    <line x1="-70.00" y1="-45.38" x2="70.00" y2="-45.38" stroke="#112233" stroke-width="0.8" stroke-linecap="butt"/>
    <line x1="-70.00" y1="-8.80" x2="70.00" y2="-8.80" stroke="#112233" stroke-width="0.8" stroke-linecap="butt"/>
    <line x1="-70.00" y1="7.62" x2="70.00" y2="7.62" stroke="#112233" stroke-width="0.8" stroke-linecap="butt"/>
    <line x1="-70.00" y1="45.21" x2="70.00" y2="45.21" stroke="#112233" stroke-width="0.8" stroke-linecap="butt"/>
    </g>
    <g transform="translate(405,295) rotate(195)">
    <line x1="-61.95" y1="-55.00" x2="-61.95" y2="55.00" stroke="#112233" stroke-width="0.8" stroke-linecap="butt"/>
    <line x1="-22.97" y1="-55.00" x2="-22.97" y2="55.00" stroke="#112233" stroke-width="0.8" stroke-linecap="butt"/>
    <line x1="1.91" y1="-55.00" x2="1.91" y2="55.00" stroke="#112233" stroke-width="0.8" stroke-linecap="butt"/>
    <line x1="22.01" y1="-55.00" x2="22.01" y2="55.00" stroke="#112233" stroke-width="0.8" stroke-linecap="butt"/>
    <line x1="60.09" y1="-55.00" x2="60.09" y2="55.00" stroke="#112233" stroke-width="0.8" stroke-linecap="butt"/>
    <line x1="-70.00" y1="-45.38" x2="70.00" y2="-45.38" stroke="#112233" stroke-width="0.8" stroke-linecap="butt"/>
    <line x1="-70.00" y1="-8.80" x2="70.00" y2="-8.80" stroke="#112233" stroke-width="0.8" stroke-linecap="butt"/>
    <line x1="-70.00" y1="7.62" x2="70.00" y2="7.62" stroke="#112233" stroke-width="0.8" stroke-linecap="butt"/>
    <line x1="-70.00" y1="45.21" x2="70.00" y2="45.21" stroke="#112233" stroke-width="0.8" stroke-linecap="butt"/>
    </g>
  </g>"
`;

exports[`Grid (headless) > renders headlessly and pins svgElements (golden master) 1`] = `
[
  "<line x1="-61.95" y1="-55.00" x2="-61.95" y2="55.00" stroke="#112233" stroke-width="0.8" stroke-linecap="butt"/>",
  "<line x1="-22.97" y1="-55.00" x2="-22.97" y2="55.00" stroke="#112233" stroke-width="0.8" stroke-linecap="butt"/>",
  "<line x1="1.91" y1="-55.00" x2="1.91" y2="55.00" stroke="#112233" stroke-width="0.8" stroke-linecap="butt"/>",
  "<line x1="22.01" y1="-55.00" x2="22.01" y2="55.00" stroke="#112233" stroke-width="0.8" stroke-linecap="butt"/>",
  "<line x1="60.09" y1="-55.00" x2="60.09" y2="55.00" stroke="#112233" stroke-width="0.8" stroke-linecap="butt"/>",
  "<line x1="-70.00" y1="-45.38" x2="70.00" y2="-45.38" stroke="#112233" stroke-width="0.8" stroke-linecap="butt"/>",
  "<line x1="-70.00" y1="-8.80" x2="70.00" y2="-8.80" stroke="#112233" stroke-width="0.8" stroke-linecap="butt"/>",
  "<line x1="-70.00" y1="7.62" x2="70.00" y2="7.62" stroke="#112233" stroke-width="0.8" stroke-linecap="butt"/>",
  "<line x1="-70.00" y1="45.21" x2="70.00" y2="45.21" stroke="#112233" stroke-width="0.8" stroke-linecap="butt"/>",
]
`;
