// Vitest Snapshot v1, https://vitest.dev/guide/snapshot.html

exports[`TuringDash (headless) > pins the wrapped SVG group output 1`] = `
"  <g id="layer-L1" opacity="0.80">
    <g transform="translate(405,295) rotate(15)">
<line x1="NaN" y1="NaN" x2="NaN" y2="NaN" stroke="#3366aa" stroke-width="0.8" stroke-linecap="round"/>
<line x1="NaN" y1="NaN" x2="NaN" y2="NaN" stroke="#3366aa" stroke-width="0.8" stroke-linecap="round"/>
<line x1="NaN" y1="NaN" x2="NaN" y2="NaN" stroke="#3366aa" stroke-width="0.8" stroke-linecap="round"/>
<line x1="NaN" y1="NaN" x2="NaN" y2="NaN" stroke="#3366aa" stroke-width="0.8" stroke-linecap="round"/>
<line x1="NaN" y1="NaN" x2="NaN" y2="NaN" stroke="#3366aa" stroke-width="0.8" stroke-linecap="round"/>
<line x1="NaN" y1="NaN" x2="NaN" y2="NaN" stroke="#3366aa" stroke-width="0.8" stroke-linecap="round"/>
<line x1="NaN" y1="NaN" x2="NaN" y2="NaN" stroke="#3366aa" stroke-width="0.8" stroke-linecap="round"/>
<line x1="NaN" y1="NaN" x2="NaN" y2="NaN" stroke="#3366aa" stroke-width="0.8" stroke-linecap="round"/>
<line x1="NaN" y1="NaN" x2="NaN" y2="NaN" stroke="#3366aa" stroke-width="0.8" stroke-linecap="round"/>
<line x1="NaN" y1="NaN" x2="NaN" y2="NaN" stroke="#3366aa" stroke-width="0.8" stroke-linecap="round"/>
<line x1="NaN" y1="NaN" x2="NaN" y2="NaN" stroke="#3366aa" stroke-width="0.8" stroke-linecap="round"/>
<line x1="NaN" y1="NaN" x2="NaN" y2="NaN" stroke="#3366aa" stroke-width="0.8" stroke-linecap="round"/>
<line x1="NaN" y1="NaN" x2="NaN" y2="NaN" stroke="#3366aa" stroke-width="0.8" stroke-linecap="round"/>
<line x1="NaN" y1="NaN" x2="NaN" y2="NaN" stroke="#3366aa" stroke-width="0.8" stroke-linecap="round"/>
<line x1="NaN" y1="NaN" x2="NaN" y2="NaN" stroke="#3366aa" stroke-width="0.8" stroke-linecap="round"/>
<line x1="NaN" y1="NaN" x2="NaN" y2="NaN" stroke="#3366aa" stroke-width="0.8" stroke-linecap="round"/>
<line x1="NaN" y1="NaN" x2="NaN" y2="NaN" stroke="#3366aa" stroke-width="0.8" stroke-linecap="round"/>
<line x1="NaN" y1="NaN" x2="NaN" y2="NaN" stroke="#3366aa" stroke-width="0.8" stroke-linecap="round"/>
<line x1="NaN" y1="NaN" x2="NaN" y2="NaN" stroke="#3366aa" stroke-width="0.8" stroke-linecap="round"/>
<line x1="NaN" y1="NaN" x2="NaN" y2="NaN" stroke="#3366aa" stroke-width="0.8" stroke-linecap="round"/>
<line x1="NaN" y1="NaN" x2="NaN" y2="NaN" stroke="#3366aa" stroke-width="0.8" stroke-linecap="round"/>
<line x1="NaN" y1="NaN" x2="NaN" y2="NaN" stroke="#3366aa" stroke-width="0.8" stroke-linecap="round"/>
<line x1="NaN" y1="NaN" x2="NaN" y2="NaN" stroke="#3366aa" stroke-width="0.8" stroke-linecap="round"/>
<line x1="NaN" y1="NaN" x2="NaN" y2="NaN" stroke="#3366aa" stroke-width="0.8" stroke-linecap="round"/>
<line x1="NaN" y1="NaN" x2="NaN" y2="NaN" stroke="#3366aa" stroke-width="0.8" stroke-linecap="round"/>
<line x1="NaN" y1="NaN" x2="NaN" y2="NaN" stroke="#3366aa" stroke-width="0.8" stroke-linecap="round"/>
<line x1="NaN" y1="NaN" x2="NaN" y2="NaN" stroke="#3366aa" stroke-width="0.8" stroke-linecap="round"/>
<line x1="NaN" y1="NaN" x2="NaN" y2="NaN" stroke="#3366aa" stroke-width="0.8" stroke-linecap="round"/>
<line x1="NaN" y1="NaN" x2="NaN" y2="NaN" stroke="#3366aa" stroke-width="0.8" stroke-linecap="round"/>
<line x1="NaN" y1="NaN" x2="NaN" y2="NaN" stroke="#3366aa" stroke-width="0.8" stroke-linecap="round"/>
<line x1="NaN" y1="NaN" x2="NaN" y2="NaN" stroke="#3366aa" stroke-width="0.8" stroke-linecap="round"/>
<line x1="NaN" y1="NaN" x2="NaN" y2="NaN" stroke="#3366aa" stroke-width="0.8" stroke-linecap="round"/>
<line x1="NaN" y1="NaN" x2="NaN" y2="NaN" stroke="#3366aa" stroke-width="0.8" stroke-linecap="round"/>
<line x1="NaN" y1="NaN" x2="NaN" y2="NaN" stroke="#3366aa" stroke-width="0.8" stroke-linecap="round"/>
<line x1="NaN" y1="NaN" x2="NaN" y2="NaN" stroke="#3366aa" stroke-width="0.8" stroke-linecap="round"/>
<line x1="NaN" y1="NaN" x2="NaN" y2="NaN" stroke="#3366aa" stroke-width="0.8" stroke-linecap="round"/>
<line x1="NaN" y1="NaN" x2="NaN" y2="NaN" stroke="#3366aa" stroke-width="0.8" stroke-linecap="round"/>
<line x1="NaN" y1="NaN" x2="NaN" y2="NaN" stroke="#3366aa" stroke-width="0.8" stroke-linecap="round"/>
<line x1="NaN" y1="NaN" x2="NaN" y2="NaN" stroke="#3366aa" stroke-width="0.8" stroke-linecap="round"/>
<line x1="NaN" y1="NaN" x2="NaN" y2="NaN" stroke="#3366aa" stroke-width="0.8" stroke-linecap="round"/>
<line x1="NaN" y1="NaN" x2="NaN" y2="NaN" stroke="#3366aa" stroke-width="0.8" stroke-linecap="round"/>
<line x1="NaN" y1="NaN" x2="NaN" y2="NaN" stroke="#3366aa" stroke-width="0.8" stroke-linecap="round"/>
<line x1="NaN" y1="NaN" x2="NaN" y2="NaN" stroke="#3366aa" stroke-width="0.8" stroke-linecap="round"/>
<line x1="NaN" y1="NaN" x2="NaN" y2="NaN" stroke="#3366aa" stroke-width="0.8" stroke-linecap="round"/>
<line x1="NaN" y1="NaN" x2="NaN" y2="NaN" stroke="#3366aa" stroke-width="0.8" stroke-linecap="round"/>
<line x1="NaN" y1="NaN" x2="NaN" y2="NaN" stroke="#3366aa" stroke-width="0.8" stroke-linecap="round"/>
<line x1="NaN" y1="NaN" x2="NaN" y2="NaN" stroke="#3366aa" stroke-width="0.8" stroke-linecap="round"/>
<line x1="NaN" y1="NaN" x2="NaN" y2="NaN" stroke="#3366aa" stroke-width="0.8" stroke-linecap="round"/>
<line x1="NaN" y1="NaN" x2="NaN" y2="NaN" stroke="#3366aa" stroke-width="0.8" stroke-linecap="round"/>
<line x1="NaN" y1="NaN" x2="NaN" y2="NaN" stroke="#3366aa" stroke-width="0.8" stroke-linecap="round"/>
<line x1="NaN" y1="NaN" x2="NaN" y2="NaN" stroke="#3366aa" stroke-width="0.8" stroke-linecap="round"/>
<line x1="NaN" y1="NaN" x2="NaN" y2="NaN" stroke="#3366aa" stroke-width="0.8" stroke-linecap="round"/>
<line x1="NaN" y1="NaN" x2="NaN" y2="NaN" stroke="#3366aa" stroke-width="0.8" stroke-linecap="round"/>
<line x1="NaN" y1="NaN" x2="NaN" y2="NaN" stroke="#3366aa" stroke-width="0.8" stroke-linecap="round"/>
<line x1="NaN" y1="NaN" x2="NaN" y2="NaN" stroke="#3366aa" stroke-width="0.8" stroke-linecap="round"/>
<line x1="NaN" y1="NaN" x2="NaN" y2="NaN" stroke="#3366aa" stroke-width="0.8" stroke-linecap="round"/>
<line x1="NaN" y1="NaN" x2="NaN" y2="NaN" stroke="#3366aa" stroke-width="0.8" stroke-linecap="round"/>
<line x1="NaN" y1="NaN" x2="NaN" y2="NaN" stroke="#3366aa" stroke-width="0.8" stroke-linecap="round"/>
<line x1="NaN" y1="NaN" x2="NaN" y2="NaN" stroke="#3366aa" stroke-width="0.8" stroke-linecap="round"/>
<line x1="NaN" y1="NaN" x2="NaN" y2="NaN" stroke="#3366aa" stroke-width="0.8" stroke-linecap="round"/>
<line x1="NaN" y1="NaN" x2="NaN" y2="NaN" stroke="#3366aa" stroke-width="0.8" stroke-linecap="round"/>
<line x1="NaN" y1="NaN" x2="NaN" y2="NaN" stroke="#3366aa" stroke-width="0.8" stroke-linecap="round"/>
<line x1="NaN" y1="NaN" x2="NaN" y2="NaN" stroke="#3366aa" stroke-width="0.8" stroke-linecap="round"/>
<line x1="NaN" y1="NaN" x2="NaN" y2="NaN" stroke="#3366aa" stroke-width="0.8" stroke-linecap="round"/>
<line x1="NaN" y1="NaN" x2="NaN" y2="NaN" stroke="#3366aa" stroke-width="0.8" stroke-linecap="round"/>
<line x1="NaN" y1="NaN" x2="NaN" y2="NaN" stroke="#3366aa" stroke-width="0.8" stroke-linecap="round"/>
<line x1="NaN" y1="NaN" x2="NaN" y2="NaN" stroke="#3366aa" stroke-width="0.8" stroke-linecap="round"/>
<line x1="NaN" y1="NaN" x2="NaN" y2="NaN" stroke="#3366aa" stroke-width="0.8" stroke-linecap="round"/>
<line x1="NaN" y1="NaN" x2="NaN" y2="NaN" stroke="#3366aa" stroke-width="0.8" stroke-linecap="round"/>
<line x1="NaN" y1="NaN" x2="NaN" y2="NaN" stroke="#3366aa" stroke-width="0.8" stroke-linecap="round"/>
<line x1="NaN" y1="NaN" x2="NaN" y2="NaN" stroke="#3366aa" stroke-width="0.8" stroke-linecap="round"/>
<line x1="NaN" y1="NaN" x2="NaN" y2="NaN" stroke="#3366aa" stroke-width="0.8" stroke-linecap="round"/>
<line x1="NaN" y1="NaN" x2="NaN" y2="NaN" stroke="#3366aa" stroke-width="0.8" stroke-linecap="round"/>
<line x1="NaN" y1="NaN" x2="NaN" y2="NaN" stroke="#3366aa" stroke-width="0.8" stroke-linecap="round"/>
<line x1="NaN" y1="NaN" x2="NaN" y2="NaN" stroke="#3366aa" stroke-width="0.8" stroke-linecap="round"/>
<line x1="NaN" y1="NaN" x2="NaN" y2="NaN" stroke="#3366aa" stroke-width="0.8" stroke-linecap="round"/>
<line x1="NaN" y1="NaN" x2="NaN" y2="NaN" stroke="#3366aa" stroke-width="0.8" stroke-linecap="round"/>
<line x1="NaN" y1="NaN" x2="NaN" y2="NaN" stroke="#3366aa" stroke-width="0.8" stroke-linecap="round"/>
<line x1="NaN" y1="NaN" x2="NaN" y2="NaN" stroke="#3366aa" stroke-width="0.8" stroke-linecap="round"/>
<line x1="NaN" y1="NaN" x2="NaN" y2="NaN" stroke="#3366aa" stroke-width="0.8" stroke-linecap="round"/>
<line x1="NaN" y1="NaN" x2="NaN" y2="NaN" stroke="#3366aa" stroke-width="0.8" stroke-linecap="round"/>
<line x1="NaN" y1="NaN" x2="NaN" y2="NaN" stroke="#3366aa" stroke-width="0.8" stroke-linecap="round"/>
<line x1="NaN" y1="NaN" x2="NaN" y2="NaN" stroke="#3366aa" stroke-width="0.8" stroke-linecap="round"/>
<line x1="NaN" y1="NaN" x2="NaN" y2="NaN" stroke="#3366aa" stroke-width="0.8" stroke-linecap="round"/>
<line x1="NaN" y1="NaN" x2="NaN" y2="NaN" stroke="#3366aa" stroke-width="0.8" stroke-linecap="round"/>
<line x1="NaN" y1="NaN" x2="NaN" y2="NaN" stroke="#3366aa" stroke-width="0.8" stroke-linecap="round"/>
<line x1="NaN" y1="NaN" x2="NaN" y2="NaN" stroke="#3366aa" stroke-width="0.8" stroke-linecap="round"/>
<line x1="NaN" y1="NaN" x2="NaN" y2="NaN" stroke="#3366aa" stroke-width="0.8" stroke-linecap="round"/>
<line x1="NaN" y1="NaN" x2="NaN" y2="NaN" stroke="#3366aa" stroke-width="0.8" stroke-linecap="round"/>
<line x1="NaN" y1="NaN" x2="NaN" y2="NaN" stroke="#3366aa" stroke-width="0.8" stroke-linecap="round"/>
<line x1="NaN" y1="NaN" x2="NaN" y2="NaN" stroke="#3366aa" stroke-width="0.8" stroke-linecap="round"/>
<line x1="NaN" y1="NaN" x2="NaN" y2="NaN" stroke="#3366aa" stroke-width="0.8" stroke-linecap="round"/>
<line x1="NaN" y1="NaN" x2="NaN" y2="NaN" stroke="#3366aa" stroke-width="0.8" stroke-linecap="round"/>
<line x1="NaN" y1="NaN" x2="NaN" y2="NaN" stroke="#3366aa" stroke-width="0.8" stroke-linecap="round"/>
<line x1="NaN" y1="NaN" x2="NaN" y2="NaN" stroke="#3366aa" stroke-width="0.8" stroke-linecap="round"/>
<line x1="NaN" y1="NaN" x2="NaN" y2="NaN" stroke="#3366aa" stroke-width="0.8" stroke-linecap="round"/>
<line x1="NaN" y1="NaN" x2="NaN" y2="NaN" stroke="#3366aa" stroke-width="0.8" stroke-linecap="round"/>
<line x1="NaN" y1="NaN" x2="NaN" y2="NaN" stroke="#3366aa" stroke-width="0.8" stroke-linecap="round"/>
<line x1="NaN" y1="NaN" x2="NaN" y2="NaN" stroke="#3366aa" stroke-width="0.8" stroke-linecap="round"/>
<line x1="NaN" y1="NaN" x2="NaN" y2="NaN" stroke="#3366aa" stroke-width="0.8" stroke-linecap="round"/>
    </g>
    <g transform="translate(405,295) rotate(135)">
<line x1="NaN" y1="NaN" x2="NaN" y2="NaN" stroke="#3366aa" stroke-width="0.8" stroke-linecap="round"/>
<line x1="NaN" y1="NaN" x2="NaN" y2="NaN" stroke="#3366aa" stroke-width="0.8" stroke-linecap="round"/>
<line x1="NaN" y1="NaN" x2="NaN" y2="NaN" stroke="#3366aa" stroke-width="0.8" stroke-linecap="round"/>
<line x1="NaN" y1="NaN" x2="NaN" y2="NaN" stroke="#3366aa" stroke-width="0.8" stroke-linecap="round"/>
<line x1="NaN" y1="NaN" x2="NaN" y2="NaN" stroke="#3366aa" stroke-width="0.8" stroke-linecap="round"/>
<line x1="NaN" y1="NaN" x2="NaN" y2="NaN" stroke="#3366aa" stroke-width="0.8" stroke-linecap="round"/>
<line x1="NaN" y1="NaN" x2="NaN" y2="NaN" stroke="#3366aa" stroke-width="0.8" stroke-linecap="round"/>
<line x1="NaN" y1="NaN" x2="NaN" y2="NaN" stroke="#3366aa" stroke-width="0.8" stroke-linecap="round"/>
<line x1="NaN" y1="NaN" x2="NaN" y2="NaN" stroke="#3366aa" stroke-width="0.8" stroke-linecap="round"/>
<line x1="NaN" y1="NaN" x2="NaN" y2="NaN" stroke="#3366aa" stroke-width="0.8" stroke-linecap="round"/>
<line x1="NaN" y1="NaN" x2="NaN" y2="NaN" stroke="#3366aa" stroke-width="0.8" stroke-linecap="round"/>
<line x1="NaN" y1="NaN" x2="NaN" y2="NaN" stroke="#3366aa" stroke-width="0.8" stroke-linecap="round"/>
<line x1="NaN" y1="NaN" x2="NaN" y2="NaN" stroke="#3366aa" stroke-width="0.8" stroke-linecap="round"/>
<line x1="NaN" y1="NaN" x2="NaN" y2="NaN" stroke="#3366aa" stroke-width="0.8" stroke-linecap="round"/>
<line x1="NaN" y1="NaN" x2="NaN" y2="NaN" stroke="#3366aa" stroke-width="0.8" stroke-linecap="round"/>
<line x1="NaN" y1="NaN" x2="NaN" y2="NaN" stroke="#3366aa" stroke-width="0.8" stroke-linecap="round"/>
<line x1="NaN" y1="NaN" x2="NaN" y2="NaN" stroke="#3366aa" stroke-width="0.8" stroke-linecap="round"/>
<line x1="NaN" y1="NaN" x2="NaN" y2="NaN" stroke="#3366aa" stroke-width="0.8" stroke-linecap="round"/>
<line x1="NaN" y1="NaN" x2="NaN" y2="NaN" stroke="#3366aa" stroke-width="0.8" stroke-linecap="round"/>
<line x1="NaN" y1="NaN" x2="NaN" y2="NaN" stroke="#3366aa" stroke-width="0.8" stroke-linecap="round"/>
<line x1="NaN" y1="NaN" x2="NaN" y2="NaN" stroke="#3366aa" stroke-width="0.8" stroke-linecap="round"/>
<line x1="NaN" y1="NaN" x2="NaN" y2="NaN" stroke="#3366aa" stroke-width="0.8" stroke-linecap="round"/>
<line x1="NaN" y1="NaN" x2="NaN" y2="NaN" stroke="#3366aa" stroke-width="0.8" stroke-linecap="round"/>
<line x1="NaN" y1="NaN" x2="NaN" y2="NaN" stroke="#3366aa" stroke-width="0.8" stroke-linecap="round"/>
<line x1="NaN" y1="NaN" x2="NaN" y2="NaN" stroke="#3366aa" stroke-width="0.8" stroke-linecap="round"/>
<line x1="NaN" y1="NaN" x2="NaN" y2="NaN" stroke="#3366aa" stroke-width="0.8" stroke-linecap="round"/>
<line x1="NaN" y1="NaN" x2="NaN" y2="NaN" stroke="#3366aa" stroke-width="0.8" stroke-linecap="round"/>
<line x1="NaN" y1="NaN" x2="NaN" y2="NaN" stroke="#3366aa" stroke-width="0.8" stroke-linecap="round"/>
<line x1="NaN" y1="NaN" x2="NaN" y2="NaN" stroke="#3366aa" stroke-width="0.8" stroke-linecap="round"/>
<line x1="NaN" y1="NaN" x2="NaN" y2="NaN" stroke="#3366aa" stroke-width="0.8" stroke-linecap="round"/>
<line x1="NaN" y1="NaN" x2="NaN" y2="NaN" stroke="#3366aa" stroke-width="0.8" stroke-linecap="round"/>
<line x1="NaN" y1="NaN" x2="NaN" y2="NaN" stroke="#3366aa" stroke-width="0.8" stroke-linecap="round"/>
<line x1="NaN" y1="NaN" x2="NaN" y2="NaN" stroke="#3366aa" stroke-width="0.8" stroke-linecap="round"/>
<line x1="NaN" y1="NaN" x2="NaN" y2="NaN" stroke="#3366aa" stroke-width="0.8" stroke-linecap="round"/>
<line x1="NaN" y1="NaN" x2="NaN" y2="NaN" stroke="#3366aa" stroke-width="0.8" stroke-linecap="round"/>
<line x1="NaN" y1="NaN" x2="NaN" y2="NaN" stroke="#3366aa" stroke-width="0.8" stroke-linecap="round"/>
<line x1="NaN" y1="NaN" x2="NaN" y2="NaN" stroke="#3366aa" stroke-width="0.8" stroke-linecap="round"/>
<line x1="NaN" y1="NaN" x2="NaN" y2="NaN" stroke="#3366aa" stroke-width="0.8" stroke-linecap="round"/>
<line x1="NaN" y1="NaN" x2="NaN" y2="NaN" stroke="#3366aa" stroke-width="0.8" stroke-linecap="round"/>
<line x1="NaN" y1="NaN" x2="NaN" y2="NaN" stroke="#3366aa" stroke-width="0.8" stroke-linecap="round"/>
<line x1="NaN" y1="NaN" x2="NaN" y2="NaN" stroke="#3366aa" stroke-width="0.8" stroke-linecap="round"/>
<line x1="NaN" y1="NaN" x2="NaN" y2="NaN" stroke="#3366aa" stroke-width="0.8" stroke-linecap="round"/>
<line x1="NaN" y1="NaN" x2="NaN" y2="NaN" stroke="#3366aa" stroke-width="0.8" stroke-linecap="round"/>
<line x1="NaN" y1="NaN" x2="NaN" y2="NaN" stroke="#3366aa" stroke-width="0.8" stroke-linecap="round"/>
<line x1="NaN" y1="NaN" x2="NaN" y2="NaN" stroke="#3366aa" stroke-width="0.8" stroke-linecap="round"/>
<line x1="NaN" y1="NaN" x2="NaN" y2="NaN" stroke="#3366aa" stroke-width="0.8" stroke-linecap="round"/>
<line x1="NaN" y1="NaN" x2="NaN" y2="NaN" stroke="#3366aa" stroke-width="0.8" stroke-linecap="round"/>
<line x1="NaN" y1="NaN" x2="NaN" y2="NaN" stroke="#3366aa" stroke-width="0.8" stroke-linecap="round"/>
<line x1="NaN" y1="NaN" x2="NaN" y2="NaN" stroke="#3366aa" stroke-width="0.8" stroke-linecap="round"/>
<line x1="NaN" y1="NaN" x2="NaN" y2="NaN" stroke="#3366aa" stroke-width="0.8" stroke-linecap="round"/>
<line x1="NaN" y1="NaN" x2="NaN" y2="NaN" stroke="#3366aa" stroke-width="0.8" stroke-linecap="round"/>
<line x1="NaN" y1="NaN" x2="NaN" y2="NaN" stroke="#3366aa" stroke-width="0.8" stroke-linecap="round"/>
<line x1="NaN" y1="NaN" x2="NaN" y2="NaN" stroke="#3366aa" stroke-width="0.8" stroke-linecap="round"/>
<line x1="NaN" y1="NaN" x2="NaN" y2="NaN" stroke="#3366aa" stroke-width="0.8" stroke-linecap="round"/>
<line x1="NaN" y1="NaN" x2="NaN" y2="NaN" stroke="#3366aa" stroke-width="0.8" stroke-linecap="round"/>
<line x1="NaN" y1="NaN" x2="NaN" y2="NaN" stroke="#3366aa" stroke-width="0.8" stroke-linecap="round"/>
<line x1="NaN" y1="NaN" x2="NaN" y2="NaN" stroke="#3366aa" stroke-width="0.8" stroke-linecap="round"/>
<line x1="NaN" y1="NaN" x2="NaN" y2="NaN" stroke="#3366aa" stroke-width="0.8" stroke-linecap="round"/>
<line x1="NaN" y1="NaN" x2="NaN" y2="NaN" stroke="#3366aa" stroke-width="0.8" stroke-linecap="round"/>
<line x1="NaN" y1="NaN" x2="NaN" y2="NaN" stroke="#3366aa" stroke-width="0.8" stroke-linecap="round"/>
<line x1="NaN" y1="NaN" x2="NaN" y2="NaN" stroke="#3366aa" stroke-width="0.8" stroke-linecap="round"/>
<line x1="NaN" y1="NaN" x2="NaN" y2="NaN" stroke="#3366aa" stroke-width="0.8" stroke-linecap="round"/>
<line x1="NaN" y1="NaN" x2="NaN" y2="NaN" stroke="#3366aa" stroke-width="0.8" stroke-linecap="round"/>
<line x1="NaN" y1="NaN" x2="NaN" y2="NaN" stroke="#3366aa" stroke-width="0.8" stroke-linecap="round"/>
<line x1="NaN" y1="NaN" x2="NaN" y2="NaN" stroke="#3366aa" stroke-width="0.8" stroke-linecap="round"/>
<line x1="NaN" y1="NaN" x2="NaN" y2="NaN" stroke="#3366aa" stroke-width="0.8" stroke-linecap="round"/>
<line x1="NaN" y1="NaN" x2="NaN" y2="NaN" stroke="#3366aa" stroke-width="0.8" stroke-linecap="round"/>
<line x1="NaN" y1="NaN" x2="NaN" y2="NaN" stroke="#3366aa" stroke-width="0.8" stroke-linecap="round"/>
<line x1="NaN" y1="NaN" x2="NaN" y2="NaN" stroke="#3366aa" stroke-width="0.8" stroke-linecap="round"/>
<line x1="NaN" y1="NaN" x2="NaN" y2="NaN" stroke="#3366aa" stroke-width="0.8" stroke-linecap="round"/>
<line x1="NaN" y1="NaN" x2="NaN" y2="NaN" stroke="#3366aa" stroke-width="0.8" stroke-linecap="round"/>
<line x1="NaN" y1="NaN" x2="NaN" y2="NaN" stroke="#3366aa" stroke-width="0.8" stroke-linecap="round"/>
<line x1="NaN" y1="NaN" x2="NaN" y2="NaN" stroke="#3366aa" stroke-width="0.8" stroke-linecap="round"/>
<line x1="NaN" y1="NaN" x2="NaN" y2="NaN" stroke="#3366aa" stroke-width="0.8" stroke-linecap="round"/>
<line x1="NaN" y1="NaN" x2="NaN" y2="NaN" stroke="#3366aa" stroke-width="0.8" stroke-linecap="round"/>
<line x1="NaN" y1="NaN" x2="NaN" y2="NaN" stroke="#3366aa" stroke-width="0.8" stroke-linecap="round"/>
<line x1="NaN" y1="NaN" x2="NaN" y2="NaN" stroke="#3366aa" stroke-width="0.8" stroke-linecap="round"/>
<line x1="NaN" y1="NaN" x2="NaN" y2="NaN" stroke="#3366aa" stroke-width="0.8" stroke-linecap="round"/>
<line x1="NaN" y1="NaN" x2="NaN" y2="NaN" stroke="#3366aa" stroke-width="0.8" stroke-linecap="round"/>
<line x1="NaN" y1="NaN" x2="NaN" y2="NaN" stroke="#3366aa" stroke-width="0.8" stroke-linecap="round"/>
<line x1="NaN" y1="NaN" x2="NaN" y2="NaN" stroke="#3366aa" stroke-width="0.8" stroke-linecap="round"/>
<line x1="NaN" y1="NaN" x2="NaN" y2="NaN" stroke="#3366aa" stroke-width="0.8" stroke-linecap="round"/>
<line x1="NaN" y1="NaN" x2="NaN" y2="NaN" stroke="#3366aa" stroke-width="0.8" stroke-linecap="round"/>
<line x1="NaN" y1="NaN" x2="NaN" y2="NaN" stroke="#3366aa" stroke-width="0.8" stroke-linecap="round"/>
<line x1="NaN" y1="NaN" x2="NaN" y2="NaN" stroke="#3366aa" stroke-width="0.8" stroke-linecap="round"/>
<line x1="NaN" y1="NaN" x2="NaN" y2="NaN" stroke="#3366aa" stroke-width="0.8" stroke-linecap="round"/>
<line x1="NaN" y1="NaN" x2="NaN" y2="NaN" stroke="#3366aa" stroke-width="0.8" stroke-linecap="round"/>
<line x1="NaN" y1="NaN" x2="NaN" y2="NaN" stroke="#3366aa" stroke-width="0.8" stroke-linecap="round"/>
<line x1="NaN" y1="NaN" x2="NaN" y2="NaN" stroke="#3366aa" stroke-width="0.8" stroke-linecap="round"/>
<line x1="NaN" y1="NaN" x2="NaN" y2="NaN" stroke="#3366aa" stroke-width="0.8" stroke-linecap="round"/>
<line x1="NaN" y1="NaN" x2="NaN" y2="NaN" stroke="#3366aa" stroke-width="0.8" stroke-linecap="round"/>
<line x1="NaN" y1="NaN" x2="NaN" y2="NaN" stroke="#3366aa" stroke-width="0.8" stroke-linecap="round"/>
<line x1="NaN" y1="NaN" x2="NaN" y2="NaN" stroke="#3366aa" stroke-width="0.8" stroke-linecap="round"/>
<line x1="NaN" y1="NaN" x2="NaN" y2="NaN" stroke="#3366aa" stroke-width="0.8" stroke-linecap="round"/>
<line x1="NaN" y1="NaN" x2="NaN" y2="NaN" stroke="#3366aa" stroke-width="0.8" stroke-linecap="round"/>
<line x1="NaN" y1="NaN" x2="NaN" y2="NaN" stroke="#3366aa" stroke-width="0.8" stroke-linecap="round"/>
<line x1="NaN" y1="NaN" x2="NaN" y2="NaN" stroke="#3366aa" stroke-width="0.8" stroke-linecap="round"/>
<line x1="NaN" y1="NaN" x2="NaN" y2="NaN" stroke="#3366aa" stroke-width="0.8" stroke-linecap="round"/>
<line x1="NaN" y1="NaN" x2="NaN" y2="NaN" stroke="#3366aa" stroke-width="0.8" stroke-linecap="round"/>
<line x1="NaN" y1="NaN" x2="NaN" y2="NaN" stroke="#3366aa" stroke-width="0.8" stroke-linecap="round"/>
    </g>
    <g transform="translate(405,295) rotate(255)">
<line x1="NaN" y1="NaN" x2="NaN" y2="NaN" stroke="#3366aa" stroke-width="0.8" stroke-linecap="round"/>
<line x1="NaN" y1="NaN" x2="NaN" y2="NaN" stroke="#3366aa" stroke-width="0.8" stroke-linecap="round"/>
<line x1="NaN" y1="NaN" x2="NaN" y2="NaN" stroke="#3366aa" stroke-width="0.8" stroke-linecap="round"/>
<line x1="NaN" y1="NaN" x2="NaN" y2="NaN" stroke="#3366aa" stroke-width="0.8" stroke-linecap="round"/>
<line x1="NaN" y1="NaN" x2="NaN" y2="NaN" stroke="#3366aa" stroke-width="0.8" stroke-linecap="round"/>
<line x1="NaN" y1="NaN" x2="NaN" y2="NaN" stroke="#3366aa" stroke-width="0.8" stroke-linecap="round"/>
<line x1="NaN" y1="NaN" x2="NaN" y2="NaN" stroke="#3366aa" stroke-width="0.8" stroke-linecap="round"/>
<line x1="NaN" y1="NaN" x2="NaN" y2="NaN" stroke="#3366aa" stroke-width="0.8" stroke-linecap="round"/>
<line x1="NaN" y1="NaN" x2="NaN" y2="NaN" stroke="#3366aa" stroke-width="0.8" stroke-linecap="round"/>
<line x1="NaN" y1="NaN" x2="NaN" y2="NaN" stroke="#3366aa" stroke-width="0.8" stroke-linecap="round"/>
<line x1="NaN" y1="NaN" x2="NaN" y2="NaN" stroke="#3366aa" stroke-width="0.8" stroke-linecap="round"/>
<line x1="NaN" y1="NaN" x2="NaN" y2="NaN" stroke="#3366aa" stroke-width="0.8" stroke-linecap="round"/>
<line x1="NaN" y1="NaN" x2="NaN" y2="NaN" stroke="#3366aa" stroke-width="0.8" stroke-linecap="round"/>
<line x1="NaN" y1="NaN" x2="NaN" y2="NaN" stroke="#3366aa" stroke-width="0.8" stroke-linecap="round"/>
<line x1="NaN" y1="NaN" x2="NaN" y2="NaN" stroke="#3366aa" stroke-width="0.8" stroke-linecap="round"/>
<line x1="NaN" y1="NaN" x2="NaN" y2="NaN" stroke="#3366aa" stroke-width="0.8" stroke-linecap="round"/>
<line x1="NaN" y1="NaN" x2="NaN" y2="NaN" stroke="#3366aa" stroke-width="0.8" stroke-linecap="round"/>
<line x1="NaN" y1="NaN" x2="NaN" y2="NaN" stroke="#3366aa" stroke-width="0.8" stroke-linecap="round"/>
<line x1="NaN" y1="NaN" x2="NaN" y2="NaN" stroke="#3366aa" stroke-width="0.8" stroke-linecap="round"/>
<line x1="NaN" y1="NaN" x2="NaN" y2="NaN" stroke="#3366aa" stroke-width="0.8" stroke-linecap="round"/>
<line x1="NaN" y1="NaN" x2="NaN" y2="NaN" stroke="#3366aa" stroke-width="0.8" stroke-linecap="round"/>
<line x1="NaN" y1="NaN" x2="NaN" y2="NaN" stroke="#3366aa" stroke-width="0.8" stroke-linecap="round"/>
<line x1="NaN" y1="NaN" x2="NaN" y2="NaN" stroke="#3366aa" stroke-width="0.8" stroke-linecap="round"/>
<line x1="NaN" y1="NaN" x2="NaN" y2="NaN" stroke="#3366aa" stroke-width="0.8" stroke-linecap="round"/>
<line x1="NaN" y1="NaN" x2="NaN" y2="NaN" stroke="#3366aa" stroke-width="0.8" stroke-linecap="round"/>
<line x1="NaN" y1="NaN" x2="NaN" y2="NaN" stroke="#3366aa" stroke-width="0.8" stroke-linecap="round"/>
<line x1="NaN" y1="NaN" x2="NaN" y2="NaN" stroke="#3366aa" stroke-width="0.8" stroke-linecap="round"/>
<line x1="NaN" y1="NaN" x2="NaN" y2="NaN" stroke="#3366aa" stroke-width="0.8" stroke-linecap="round"/>
<line x1="NaN" y1="NaN" x2="NaN" y2="NaN" stroke="#3366aa" stroke-width="0.8" stroke-linecap="round"/>
<line x1="NaN" y1="NaN" x2="NaN" y2="NaN" stroke="#3366aa" stroke-width="0.8" stroke-linecap="round"/>
<line x1="NaN" y1="NaN" x2="NaN" y2="NaN" stroke="#3366aa" stroke-width="0.8" stroke-linecap="round"/>
<line x1="NaN" y1="NaN" x2="NaN" y2="NaN" stroke="#3366aa" stroke-width="0.8" stroke-linecap="round"/>
<line x1="NaN" y1="NaN" x2="NaN" y2="NaN" stroke="#3366aa" stroke-width="0.8" stroke-linecap="round"/>
<line x1="NaN" y1="NaN" x2="NaN" y2="NaN" stroke="#3366aa" stroke-width="0.8" stroke-linecap="round"/>
<line x1="NaN" y1="NaN" x2="NaN" y2="NaN" stroke="#3366aa" stroke-width="0.8" stroke-linecap="round"/>
<line x1="NaN" y1="NaN" x2="NaN" y2="NaN" stroke="#3366aa" stroke-width="0.8" stroke-linecap="round"/>
<line x1="NaN" y1="NaN" x2="NaN" y2="NaN" stroke="#3366aa" stroke-width="0.8" stroke-linecap="round"/>
<line x1="NaN" y1="NaN" x2="NaN" y2="NaN" stroke="#3366aa" stroke-width="0.8" stroke-linecap="round"/>
<line x1="NaN" y1="NaN" x2="NaN" y2="NaN" stroke="#3366aa" stroke-width="0.8" stroke-linecap="round"/>
<line x1="NaN" y1="NaN" x2="NaN" y2="NaN" stroke="#3366aa" stroke-width="0.8" stroke-linecap="round"/>
<line x1="NaN" y1="NaN" x2="NaN" y2="NaN" stroke="#3366aa" stroke-width="0.8" stroke-linecap="round"/>
<line x1="NaN" y1="NaN" x2="NaN" y2="NaN" stroke="#3366aa" stroke-width="0.8" stroke-linecap="round"/>
<line x1="NaN" y1="NaN" x2="NaN" y2="NaN" stroke="#3366aa" stroke-width="0.8" stroke-linecap="round"/>
<line x1="NaN" y1="NaN" x2="NaN" y2="NaN" stroke="#3366aa" stroke-width="0.8" stroke-linecap="round"/>
<line x1="NaN" y1="NaN" x2="NaN" y2="NaN" stroke="#3366aa" stroke-width="0.8" stroke-linecap="round"/>
<line x1="NaN" y1="NaN" x2="NaN" y2="NaN" stroke="#3366aa" stroke-width="0.8" stroke-linecap="round"/>
<line x1="NaN" y1="NaN" x2="NaN" y2="NaN" stroke="#3366aa" stroke-width="0.8" stroke-linecap="round"/>
<line x1="NaN" y1="NaN" x2="NaN" y2="NaN" stroke="#3366aa" stroke-width="0.8" stroke-linecap="round"/>
<line x1="NaN" y1="NaN" x2="NaN" y2="NaN" stroke="#3366aa" stroke-width="0.8" stroke-linecap="round"/>
<line x1="NaN" y1="NaN" x2="NaN" y2="NaN" stroke="#3366aa" stroke-width="0.8" stroke-linecap="round"/>
<line x1="NaN" y1="NaN" x2="NaN" y2="NaN" stroke="#3366aa" stroke-width="0.8" stroke-linecap="round"/>
<line x1="NaN" y1="NaN" x2="NaN" y2="NaN" stroke="#3366aa" stroke-width="0.8" stroke-linecap="round"/>
<line x1="NaN" y1="NaN" x2="NaN" y2="NaN" stroke="#3366aa" stroke-width="0.8" stroke-linecap="round"/>
<line x1="NaN" y1="NaN" x2="NaN" y2="NaN" stroke="#3366aa" stroke-width="0.8" stroke-linecap="round"/>
<line x1="NaN" y1="NaN" x2="NaN" y2="NaN" stroke="#3366aa" stroke-width="0.8" stroke-linecap="round"/>
<line x1="NaN" y1="NaN" x2="NaN" y2="NaN" stroke="#3366aa" stroke-width="0.8" stroke-linecap="round"/>
<line x1="NaN" y1="NaN" x2="NaN" y2="NaN" stroke="#3366aa" stroke-width="0.8" stroke-linecap="round"/>
<line x1="NaN" y1="NaN" x2="NaN" y2="NaN" stroke="#3366aa" stroke-width="0.8" stroke-linecap="round"/>
<line x1="NaN" y1="NaN" x2="NaN" y2="NaN" stroke="#3366aa" stroke-width="0.8" stroke-linecap="round"/>
<line x1="NaN" y1="NaN" x2="NaN" y2="NaN" stroke="#3366aa" stroke-width="0.8" stroke-linecap="round"/>
<line x1="NaN" y1="NaN" x2="NaN" y2="NaN" stroke="#3366aa" stroke-width="0.8" stroke-linecap="round"/>
<line x1="NaN" y1="NaN" x2="NaN" y2="NaN" stroke="#3366aa" stroke-width="0.8" stroke-linecap="round"/>
<line x1="NaN" y1="NaN" x2="NaN" y2="NaN" stroke="#3366aa" stroke-width="0.8" stroke-linecap="round"/>
<line x1="NaN" y1="NaN" x2="NaN" y2="NaN" stroke="#3366aa" stroke-width="0.8" stroke-linecap="round"/>
<line x1="NaN" y1="NaN" x2="NaN" y2="NaN" stroke="#3366aa" stroke-width="0.8" stroke-linecap="round"/>
<line x1="NaN" y1="NaN" x2="NaN" y2="NaN" stroke="#3366aa" stroke-width="0.8" stroke-linecap="round"/>
<line x1="NaN" y1="NaN" x2="NaN" y2="NaN" stroke="#3366aa" stroke-width="0.8" stroke-linecap="round"/>
<line x1="NaN" y1="NaN" x2="NaN" y2="NaN" stroke="#3366aa" stroke-width="0.8" stroke-linecap="round"/>
<line x1="NaN" y1="NaN" x2="NaN" y2="NaN" stroke="#3366aa" stroke-width="0.8" stroke-linecap="round"/>
<line x1="NaN" y1="NaN" x2="NaN" y2="NaN" stroke="#3366aa" stroke-width="0.8" stroke-linecap="round"/>
<line x1="NaN" y1="NaN" x2="NaN" y2="NaN" stroke="#3366aa" stroke-width="0.8" stroke-linecap="round"/>
<line x1="NaN" y1="NaN" x2="NaN" y2="NaN" stroke="#3366aa" stroke-width="0.8" stroke-linecap="round"/>
<line x1="NaN" y1="NaN" x2="NaN" y2="NaN" stroke="#3366aa" stroke-width="0.8" stroke-linecap="round"/>
<line x1="NaN" y1="NaN" x2="NaN" y2="NaN" stroke="#3366aa" stroke-width="0.8" stroke-linecap="round"/>
<line x1="NaN" y1="NaN" x2="NaN" y2="NaN" stroke="#3366aa" stroke-width="0.8" stroke-linecap="round"/>
<line x1="NaN" y1="NaN" x2="NaN" y2="NaN" stroke="#3366aa" stroke-width="0.8" stroke-linecap="round"/>
<line x1="NaN" y1="NaN" x2="NaN" y2="NaN" stroke="#3366aa" stroke-width="0.8" stroke-linecap="round"/>
<line x1="NaN" y1="NaN" x2="NaN" y2="NaN" stroke="#3366aa" stroke-width="0.8" stroke-linecap="round"/>
<line x1="NaN" y1="NaN" x2="NaN" y2="NaN" stroke="#3366aa" stroke-width="0.8" stroke-linecap="round"/>
<line x1="NaN" y1="NaN" x2="NaN" y2="NaN" stroke="#3366aa" stroke-width="0.8" stroke-linecap="round"/>
<line x1="NaN" y1="NaN" x2="NaN" y2="NaN" stroke="#3366aa" stroke-width="0.8" stroke-linecap="round"/>
<line x1="NaN" y1="NaN" x2="NaN" y2="NaN" stroke="#3366aa" stroke-width="0.8" stroke-linecap="round"/>
<line x1="NaN" y1="NaN" x2="NaN" y2="NaN" stroke="#3366aa" stroke-width="0.8" stroke-linecap="round"/>
<line x1="NaN" y1="NaN" x2="NaN" y2="NaN" stroke="#3366aa" stroke-width="0.8" stroke-linecap="round"/>
<line x1="NaN" y1="NaN" x2="NaN" y2="NaN" stroke="#3366aa" stroke-width="0.8" stroke-linecap="round"/>
<line x1="NaN" y1="NaN" x2="NaN" y2="NaN" stroke="#3366aa" stroke-width="0.8" stroke-linecap="round"/>
<line x1="NaN" y1="NaN" x2="NaN" y2="NaN" stroke="#3366aa" stroke-width="0.8" stroke-linecap="round"/>
<line x1="NaN" y1="NaN" x2="NaN" y2="NaN" stroke="#3366aa" stroke-width="0.8" stroke-linecap="round"/>
<line x1="NaN" y1="NaN" x2="NaN" y2="NaN" stroke="#3366aa" stroke-width="0.8" stroke-linecap="round"/>
<line x1="NaN" y1="NaN" x2="NaN" y2="NaN" stroke="#3366aa" stroke-width="0.8" stroke-linecap="round"/>
<line x1="NaN" y1="NaN" x2="NaN" y2="NaN" stroke="#3366aa" stroke-width="0.8" stroke-linecap="round"/>
<line x1="NaN" y1="NaN" x2="NaN" y2="NaN" stroke="#3366aa" stroke-width="0.8" stroke-linecap="round"/>
<line x1="NaN" y1="NaN" x2="NaN" y2="NaN" stroke="#3366aa" stroke-width="0.8" stroke-linecap="round"/>
<line x1="NaN" y1="NaN" x2="NaN" y2="NaN" stroke="#3366aa" stroke-width="0.8" stroke-linecap="round"/>
<line x1="NaN" y1="NaN" x2="NaN" y2="NaN" stroke="#3366aa" stroke-width="0.8" stroke-linecap="round"/>
<line x1="NaN" y1="NaN" x2="NaN" y2="NaN" stroke="#3366aa" stroke-width="0.8" stroke-linecap="round"/>
<line x1="NaN" y1="NaN" x2="NaN" y2="NaN" stroke="#3366aa" stroke-width="0.8" stroke-linecap="round"/>
<line x1="NaN" y1="NaN" x2="NaN" y2="NaN" stroke="#3366aa" stroke-width="0.8" stroke-linecap="round"/>
<line x1="NaN" y1="NaN" x2="NaN" y2="NaN" stroke="#3366aa" stroke-width="0.8" stroke-linecap="round"/>
<line x1="NaN" y1="NaN" x2="NaN" y2="NaN" stroke="#3366aa" stroke-width="0.8" stroke-linecap="round"/>
    </g>
  </g>"
`;

exports[`TuringDash (headless) > renders headlessly and pins svgElements (golden master) 1`] = `
[
  "<line x1="NaN" y1="NaN" x2="NaN" y2="NaN" stroke="#3366aa" stroke-width="0.8" stroke-linecap="round"/>",
  "<line x1="NaN" y1="NaN" x2="NaN" y2="NaN" stroke="#3366aa" stroke-width="0.8" stroke-linecap="round"/>",
  "<line x1="NaN" y1="NaN" x2="NaN" y2="NaN" stroke="#3366aa" stroke-width="0.8" stroke-linecap="round"/>",
  "<line x1="NaN" y1="NaN" x2="NaN" y2="NaN" stroke="#3366aa" stroke-width="0.8" stroke-linecap="round"/>",
  "<line x1="NaN" y1="NaN" x2="NaN" y2="NaN" stroke="#3366aa" stroke-width="0.8" stroke-linecap="round"/>",
  "<line x1="NaN" y1="NaN" x2="NaN" y2="NaN" stroke="#3366aa" stroke-width="0.8" stroke-linecap="round"/>",
  "<line x1="NaN" y1="NaN" x2="NaN" y2="NaN" stroke="#3366aa" stroke-width="0.8" stroke-linecap="round"/>",
  "<line x1="NaN" y1="NaN" x2="NaN" y2="NaN" stroke="#3366aa" stroke-width="0.8" stroke-linecap="round"/>",
  "<line x1="NaN" y1="NaN" x2="NaN" y2="NaN" stroke="#3366aa" stroke-width="0.8" stroke-linecap="round"/>",
  "<line x1="NaN" y1="NaN" x2="NaN" y2="NaN" stroke="#3366aa" stroke-width="0.8" stroke-linecap="round"/>",
  "<line x1="NaN" y1="NaN" x2="NaN" y2="NaN" stroke="#3366aa" stroke-width="0.8" stroke-linecap="round"/>",
  "<line x1="NaN" y1="NaN" x2="NaN" y2="NaN" stroke="#3366aa" stroke-width="0.8" stroke-linecap="round"/>",
  "<line x1="NaN" y1="NaN" x2="NaN" y2="NaN" stroke="#3366aa" stroke-width="0.8" stroke-linecap="round"/>",
  "<line x1="NaN" y1="NaN" x2="NaN" y2="NaN" stroke="#3366aa" stroke-width="0.8" stroke-linecap="round"/>",
  "<line x1="NaN" y1="NaN" x2="NaN" y2="NaN" stroke="#3366aa" stroke-width="0.8" stroke-linecap="round"/>",
  "<line x1="NaN" y1="NaN" x2="NaN" y2="NaN" stroke="#3366aa" stroke-width="0.8" stroke-linecap="round"/>",
  "<line x1="NaN" y1="NaN" x2="NaN" y2="NaN" stroke="#3366aa" stroke-width="0.8" stroke-linecap="round"/>",
  "<line x1="NaN" y1="NaN" x2="NaN" y2="NaN" stroke="#3366aa" stroke-width="0.8" stroke-linecap="round"/>",
  "<line x1="NaN" y1="NaN" x2="NaN" y2="NaN" stroke="#3366aa" stroke-width="0.8" stroke-linecap="round"/>",
  "<line x1="NaN" y1="NaN" x2="NaN" y2="NaN" stroke="#3366aa" stroke-width="0.8" stroke-linecap="round"/>",
  "<line x1="NaN" y1="NaN" x2="NaN" y2="NaN" stroke="#3366aa" stroke-width="0.8" stroke-linecap="round"/>",
  "<line x1="NaN" y1="NaN" x2="NaN" y2="NaN" stroke="#3366aa" stroke-width="0.8" stroke-linecap="round"/>",
  "<line x1="NaN" y1="NaN" x2="NaN" y2="NaN" stroke="#3366aa" stroke-width="0.8" stroke-linecap="round"/>",
  "<line x1="NaN" y1="NaN" x2="NaN" y2="NaN" stroke="#3366aa" stroke-width="0.8" stroke-linecap="round"/>",
  "<line x1="NaN" y1="NaN" x2="NaN" y2="NaN" stroke="#3366aa" stroke-width="0.8" stroke-linecap="round"/>",
  "<line x1="NaN" y1="NaN" x2="NaN" y2="NaN" stroke="#3366aa" stroke-width="0.8" stroke-linecap="round"/>",
  "<line x1="NaN" y1="NaN" x2="NaN" y2="NaN" stroke="#3366aa" stroke-width="0.8" stroke-linecap="round"/>",
  "<line x1="NaN" y1="NaN" x2="NaN" y2="NaN" stroke="#3366aa" stroke-width="0.8" stroke-linecap="round"/>",
  "<line x1="NaN" y1="NaN" x2="NaN" y2="NaN" stroke="#3366aa" stroke-width="0.8" stroke-linecap="round"/>",
  "<line x1="NaN" y1="NaN" x2="NaN" y2="NaN" stroke="#3366aa" stroke-width="0.8" stroke-linecap="round"/>",
  "<line x1="NaN" y1="NaN" x2="NaN" y2="NaN" stroke="#3366aa" stroke-width="0.8" stroke-linecap="round"/>",
  "<line x1="NaN" y1="NaN" x2="NaN" y2="NaN" stroke="#3366aa" stroke-width="0.8" stroke-linecap="round"/>",
  "<line x1="NaN" y1="NaN" x2="NaN" y2="NaN" stroke="#3366aa" stroke-width="0.8" stroke-linecap="round"/>",
  "<line x1="NaN" y1="NaN" x2="NaN" y2="NaN" stroke="#3366aa" stroke-width="0.8" stroke-linecap="round"/>",
  "<line x1="NaN" y1="NaN" x2="NaN" y2="NaN" stroke="#3366aa" stroke-width="0.8" stroke-linecap="round"/>",
  "<line x1="NaN" y1="NaN" x2="NaN" y2="NaN" stroke="#3366aa" stroke-width="0.8" stroke-linecap="round"/>",
  "<line x1="NaN" y1="NaN" x2="NaN" y2="NaN" stroke="#3366aa" stroke-width="0.8" stroke-linecap="round"/>",
  "<line x1="NaN" y1="NaN" x2="NaN" y2="NaN" stroke="#3366aa" stroke-width="0.8" stroke-linecap="round"/>",
  "<line x1="NaN" y1="NaN" x2="NaN" y2="NaN" stroke="#3366aa" stroke-width="0.8" stroke-linecap="round"/>",
  "<line x1="NaN" y1="NaN" x2="NaN" y2="NaN" stroke="#3366aa" stroke-width="0.8" stroke-linecap="round"/>",
  "<line x1="NaN" y1="NaN" x2="NaN" y2="NaN" stroke="#3366aa" stroke-width="0.8" stroke-linecap="round"/>",
  "<line x1="NaN" y1="NaN" x2="NaN" y2="NaN" stroke="#3366aa" stroke-width="0.8" stroke-linecap="round"/>",
  "<line x1="NaN" y1="NaN" x2="NaN" y2="NaN" stroke="#3366aa" stroke-width="0.8" stroke-linecap="round"/>",
  "<line x1="NaN" y1="NaN" x2="NaN" y2="NaN" stroke="#3366aa" stroke-width="0.8" stroke-linecap="round"/>",
  "<line x1="NaN" y1="NaN" x2="NaN" y2="NaN" stroke="#3366aa" stroke-width="0.8" stroke-linecap="round"/>",
  "<line x1="NaN" y1="NaN" x2="NaN" y2="NaN" stroke="#3366aa" stroke-width="0.8" stroke-linecap="round"/>",
  "<line x1="NaN" y1="NaN" x2="NaN" y2="NaN" stroke="#3366aa" stroke-width="0.8" stroke-linecap="round"/>",
  "<line x1="NaN" y1="NaN" x2="NaN" y2="NaN" stroke="#3366aa" stroke-width="0.8" stroke-linecap="round"/>",
  "<line x1="NaN" y1="NaN" x2="NaN" y2="NaN" stroke="#3366aa" stroke-width="0.8" stroke-linecap="round"/>",
  "<line x1="NaN" y1="NaN" x2="NaN" y2="NaN" stroke="#3366aa" stroke-width="0.8" stroke-linecap="round"/>",
  "<line x1="NaN" y1="NaN" x2="NaN" y2="NaN" stroke="#3366aa" stroke-width="0.8" stroke-linecap="round"/>",
  "<line x1="NaN" y1="NaN" x2="NaN" y2="NaN" stroke="#3366aa" stroke-width="0.8" stroke-linecap="round"/>",
  "<line x1="NaN" y1="NaN" x2="NaN" y2="NaN" stroke="#3366aa" stroke-width="0.8" stroke-linecap="round"/>",
  "<line x1="NaN" y1="NaN" x2="NaN" y2="NaN" stroke="#3366aa" stroke-width="0.8" stroke-linecap="round"/>",
  "<line x1="NaN" y1="NaN" x2="NaN" y2="NaN" stroke="#3366aa" stroke-width="0.8" stroke-linecap="round"/>",
  "<line x1="NaN" y1="NaN" x2="NaN" y2="NaN" stroke="#3366aa" stroke-width="0.8" stroke-linecap="round"/>",
  "<line x1="NaN" y1="NaN" x2="NaN" y2="NaN" stroke="#3366aa" stroke-width="0.8" stroke-linecap="round"/>",
  "<line x1="NaN" y1="NaN" x2="NaN" y2="NaN" stroke="#3366aa" stroke-width="0.8" stroke-linecap="round"/>",
  "<line x1="NaN" y1="NaN" x2="NaN" y2="NaN" stroke="#3366aa" stroke-width="0.8" stroke-linecap="round"/>",
  "<line x1="NaN" y1="NaN" x2="NaN" y2="NaN" stroke="#3366aa" stroke-width="0.8" stroke-linecap="round"/>",
  "<line x1="NaN" y1="NaN" x2="NaN" y2="NaN" stroke="#3366aa" stroke-width="0.8" stroke-linecap="round"/>",
  "<line x1="NaN" y1="NaN" x2="NaN" y2="NaN" stroke="#3366aa" stroke-width="0.8" stroke-linecap="round"/>",
  "<line x1="NaN" y1="NaN" x2="NaN" y2="NaN" stroke="#3366aa" stroke-width="0.8" stroke-linecap="round"/>",
  "<line x1="NaN" y1="NaN" x2="NaN" y2="NaN" stroke="#3366aa" stroke-width="0.8" stroke-linecap="round"/>",
  "<line x1="NaN" y1="NaN" x2="NaN" y2="NaN" stroke="#3366aa" stroke-width="0.8" stroke-linecap="round"/>",
  "<line x1="NaN" y1="NaN" x2="NaN" y2="NaN" stroke="#3366aa" stroke-width="0.8" stroke-linecap="round"/>",
  "<line x1="NaN" y1="NaN" x2="NaN" y2="NaN" stroke="#3366aa" stroke-width="0.8" stroke-linecap="round"/>",
  "<line x1="NaN" y1="NaN" x2="NaN" y2="NaN" stroke="#3366aa" stroke-width="0.8" stroke-linecap="round"/>",
  "<line x1="NaN" y1="NaN" x2="NaN" y2="NaN" stroke="#3366aa" stroke-width="0.8" stroke-linecap="round"/>",
  "<line x1="NaN" y1="NaN" x2="NaN" y2="NaN" stroke="#3366aa" stroke-width="0.8" stroke-linecap="round"/>",
  "<line x1="NaN" y1="NaN" x2="NaN" y2="NaN" stroke="#3366aa" stroke-width="0.8" stroke-linecap="round"/>",
  "<line x1="NaN" y1="NaN" x2="NaN" y2="NaN" stroke="#3366aa" stroke-width="0.8" stroke-linecap="round"/>",
  "<line x1="NaN" y1="NaN" x2="NaN" y2="NaN" stroke="#3366aa" stroke-width="0.8" stroke-linecap="round"/>",
  "<line x1="NaN" y1="NaN" x2="NaN" y2="NaN" stroke="#3366aa" stroke-width="0.8" stroke-linecap="round"/>",
  "<line x1="NaN" y1="NaN" x2="NaN" y2="NaN" stroke="#3366aa" stroke-width="0.8" stroke-linecap="round"/>",
  "<line x1="NaN" y1="NaN" x2="NaN" y2="NaN" stroke="#3366aa" stroke-width="0.8" stroke-linecap="round"/>",
  "<line x1="NaN" y1="NaN" x2="NaN" y2="NaN" stroke="#3366aa" stroke-width="0.8" stroke-linecap="round"/>",
  "<line x1="NaN" y1="NaN" x2="NaN" y2="NaN" stroke="#3366aa" stroke-width="0.8" stroke-linecap="round"/>",
  "<line x1="NaN" y1="NaN" x2="NaN" y2="NaN" stroke="#3366aa" stroke-width="0.8" stroke-linecap="round"/>",
  "<line x1="NaN" y1="NaN" x2="NaN" y2="NaN" stroke="#3366aa" stroke-width="0.8" stroke-linecap="round"/>",
  "<line x1="NaN" y1="NaN" x2="NaN" y2="NaN" stroke="#3366aa" stroke-width="0.8" stroke-linecap="round"/>",
  "<line x1="NaN" y1="NaN" x2="NaN" y2="NaN" stroke="#3366aa" stroke-width="0.8" stroke-linecap="round"/>",
  "<line x1="NaN" y1="NaN" x2="NaN" y2="NaN" stroke="#3366aa" stroke-width="0.8" stroke-linecap="round"/>",
  "<line x1="NaN" y1="NaN" x2="NaN" y2="NaN" stroke="#3366aa" stroke-width="0.8" stroke-linecap="round"/>",
  "<line x1="NaN" y1="NaN" x2="NaN" y2="NaN" stroke="#3366aa" stroke-width="0.8" stroke-linecap="round"/>",
  "<line x1="NaN" y1="NaN" x2="NaN" y2="NaN" stroke="#3366aa" stroke-width="0.8" stroke-linecap="round"/>",
  "<line x1="NaN" y1="NaN" x2="NaN" y2="NaN" stroke="#3366aa" stroke-width="0.8" stroke-linecap="round"/>",
  "<line x1="NaN" y1="NaN" x2="NaN" y2="NaN" stroke="#3366aa" stroke-width="0.8" stroke-linecap="round"/>",
  "<line x1="NaN" y1="NaN" x2="NaN" y2="NaN" stroke="#3366aa" stroke-width="0.8" stroke-linecap="round"/>",
  "<line x1="NaN" y1="NaN" x2="NaN" y2="NaN" stroke="#3366aa" stroke-width="0.8" stroke-linecap="round"/>",
  "<line x1="NaN" y1="NaN" x2="NaN" y2="NaN" stroke="#3366aa" stroke-width="0.8" stroke-linecap="round"/>",
  "<line x1="NaN" y1="NaN" x2="NaN" y2="NaN" stroke="#3366aa" stroke-width="0.8" stroke-linecap="round"/>",
  "<line x1="NaN" y1="NaN" x2="NaN" y2="NaN" stroke="#3366aa" stroke-width="0.8" stroke-linecap="round"/>",
  "<line x1="NaN" y1="NaN" x2="NaN" y2="NaN" stroke="#3366aa" stroke-width="0.8" stroke-linecap="round"/>",
  "<line x1="NaN" y1="NaN" x2="NaN" y2="NaN" stroke="#3366aa" stroke-width="0.8" stroke-linecap="round"/>",
  "<line x1="NaN" y1="NaN" x2="NaN" y2="NaN" stroke="#3366aa" stroke-width="0.8" stroke-linecap="round"/>",
  "<line x1="NaN" y1="NaN" x2="NaN" y2="NaN" stroke="#3366aa" stroke-width="0.8" stroke-linecap="round"/>",
  "<line x1="NaN" y1="NaN" x2="NaN" y2="NaN" stroke="#3366aa" stroke-width="0.8" stroke-linecap="round"/>",
  "<line x1="NaN" y1="NaN" x2="NaN" y2="NaN" stroke="#3366aa" stroke-width="0.8" stroke-linecap="round"/>",
  "<line x1="NaN" y1="NaN" x2="NaN" y2="NaN" stroke="#3366aa" stroke-width="0.8" stroke-linecap="round"/>",
]
`;
